Archive member included to satisfy reference by file (symbol)

D:/APP/arm-gnu-toolchain-14.2.rel1-mingw-w64-i686-arm-none-eabi/bin/../lib/gcc/arm-none-eabi/14.2.1/thumb/v7e-m+fp/hard\libc_nano.a(libc_a-exit.o)
                              D:/APP/arm-gnu-toolchain-14.2.rel1-mingw-w64-i686-arm-none-eabi/bin/../lib/gcc/arm-none-eabi/14.2.1/thumb/v7e-m+fp/hard/crt0.o (exit)
D:/APP/arm-gnu-toolchain-14.2.rel1-mingw-w64-i686-arm-none-eabi/bin/../lib/gcc/arm-none-eabi/14.2.1/thumb/v7e-m+fp/hard\libc_nano.a(libc_a-findfp.o)
                              D:/APP/arm-gnu-toolchain-14.2.rel1-mingw-w64-i686-arm-none-eabi/bin/../lib/gcc/arm-none-eabi/14.2.1/thumb/v7e-m+fp/hard\libc_nano.a(libc_a-exit.o) (__stdio_exit_handler)
D:/APP/arm-gnu-toolchain-14.2.rel1-mingw-w64-i686-arm-none-eabi/bin/../lib/gcc/arm-none-eabi/14.2.1/thumb/v7e-m+fp/hard\libc_nano.a(libc_a-fwalk.o)
                              D:/APP/arm-gnu-toolchain-14.2.rel1-mingw-w64-i686-arm-none-eabi/bin/../lib/gcc/arm-none-eabi/14.2.1/thumb/v7e-m+fp/hard\libc_nano.a(libc_a-findfp.o) (_fwalk_sglue)
D:/APP/arm-gnu-toolchain-14.2.rel1-mingw-w64-i686-arm-none-eabi/bin/../lib/gcc/arm-none-eabi/14.2.1/thumb/v7e-m+fp/hard\libc_nano.a(libc_a-stdio.o)
                              D:/APP/arm-gnu-toolchain-14.2.rel1-mingw-w64-i686-arm-none-eabi/bin/../lib/gcc/arm-none-eabi/14.2.1/thumb/v7e-m+fp/hard\libc_nano.a(libc_a-findfp.o) (__sread)
D:/APP/arm-gnu-toolchain-14.2.rel1-mingw-w64-i686-arm-none-eabi/bin/../lib/gcc/arm-none-eabi/14.2.1/thumb/v7e-m+fp/hard\libc_nano.a(libc_a-memset.o)
                              D:/APP/arm-gnu-toolchain-14.2.rel1-mingw-w64-i686-arm-none-eabi/bin/../lib/gcc/arm-none-eabi/14.2.1/thumb/v7e-m+fp/hard/crt0.o (memset)
D:/APP/arm-gnu-toolchain-14.2.rel1-mingw-w64-i686-arm-none-eabi/bin/../lib/gcc/arm-none-eabi/14.2.1/thumb/v7e-m+fp/hard\libc_nano.a(libc_a-closer.o)
                              D:/APP/arm-gnu-toolchain-14.2.rel1-mingw-w64-i686-arm-none-eabi/bin/../lib/gcc/arm-none-eabi/14.2.1/thumb/v7e-m+fp/hard\libc_nano.a(libc_a-stdio.o) (_close_r)
D:/APP/arm-gnu-toolchain-14.2.rel1-mingw-w64-i686-arm-none-eabi/bin/../lib/gcc/arm-none-eabi/14.2.1/thumb/v7e-m+fp/hard\libc_nano.a(libc_a-reent.o)
                              D:/APP/arm-gnu-toolchain-14.2.rel1-mingw-w64-i686-arm-none-eabi/bin/../lib/gcc/arm-none-eabi/14.2.1/thumb/v7e-m+fp/hard\libc_nano.a(libc_a-closer.o) (errno)
D:/APP/arm-gnu-toolchain-14.2.rel1-mingw-w64-i686-arm-none-eabi/bin/../lib/gcc/arm-none-eabi/14.2.1/thumb/v7e-m+fp/hard\libc_nano.a(libc_a-impure.o)
                              D:/APP/arm-gnu-toolchain-14.2.rel1-mingw-w64-i686-arm-none-eabi/bin/../lib/gcc/arm-none-eabi/14.2.1/thumb/v7e-m+fp/hard\libc_nano.a(libc_a-reent.o) (_impure_ptr)
D:/APP/arm-gnu-toolchain-14.2.rel1-mingw-w64-i686-arm-none-eabi/bin/../lib/gcc/arm-none-eabi/14.2.1/thumb/v7e-m+fp/hard\libc_nano.a(libc_a-lseekr.o)
                              D:/APP/arm-gnu-toolchain-14.2.rel1-mingw-w64-i686-arm-none-eabi/bin/../lib/gcc/arm-none-eabi/14.2.1/thumb/v7e-m+fp/hard\libc_nano.a(libc_a-stdio.o) (_lseek_r)
D:/APP/arm-gnu-toolchain-14.2.rel1-mingw-w64-i686-arm-none-eabi/bin/../lib/gcc/arm-none-eabi/14.2.1/thumb/v7e-m+fp/hard\libc_nano.a(libc_a-readr.o)
                              D:/APP/arm-gnu-toolchain-14.2.rel1-mingw-w64-i686-arm-none-eabi/bin/../lib/gcc/arm-none-eabi/14.2.1/thumb/v7e-m+fp/hard\libc_nano.a(libc_a-stdio.o) (_read_r)
D:/APP/arm-gnu-toolchain-14.2.rel1-mingw-w64-i686-arm-none-eabi/bin/../lib/gcc/arm-none-eabi/14.2.1/thumb/v7e-m+fp/hard\libc_nano.a(libc_a-writer.o)
                              D:/APP/arm-gnu-toolchain-14.2.rel1-mingw-w64-i686-arm-none-eabi/bin/../lib/gcc/arm-none-eabi/14.2.1/thumb/v7e-m+fp/hard\libc_nano.a(libc_a-stdio.o) (_write_r)
D:/APP/arm-gnu-toolchain-14.2.rel1-mingw-w64-i686-arm-none-eabi/bin/../lib/gcc/arm-none-eabi/14.2.1/thumb/v7e-m+fp/hard\libc_nano.a(libc_a-init.o)
                              D:/APP/arm-gnu-toolchain-14.2.rel1-mingw-w64-i686-arm-none-eabi/bin/../lib/gcc/arm-none-eabi/14.2.1/thumb/v7e-m+fp/hard/crt0.o (__libc_init_array)
D:/APP/arm-gnu-toolchain-14.2.rel1-mingw-w64-i686-arm-none-eabi/bin/../lib/gcc/arm-none-eabi/14.2.1/thumb/v7e-m+fp/hard\libc_nano.a(libc_a-lock.o)
                              D:/APP/arm-gnu-toolchain-14.2.rel1-mingw-w64-i686-arm-none-eabi/bin/../lib/gcc/arm-none-eabi/14.2.1/thumb/v7e-m+fp/hard\libc_nano.a(libc_a-findfp.o) (__retarget_lock_init_recursive)
D:/APP/arm-gnu-toolchain-14.2.rel1-mingw-w64-i686-arm-none-eabi/bin/../lib/gcc/arm-none-eabi/14.2.1/thumb/v7e-m+fp/hard\libc_nano.a(libc_a-freer.o)
                              D:/APP/arm-gnu-toolchain-14.2.rel1-mingw-w64-i686-arm-none-eabi/bin/../lib/gcc/arm-none-eabi/14.2.1/thumb/v7e-m+fp/hard\libc_nano.a(libc_a-reent.o) (_free_r)
D:/APP/arm-gnu-toolchain-14.2.rel1-mingw-w64-i686-arm-none-eabi/bin/../lib/gcc/arm-none-eabi/14.2.1/thumb/v7e-m+fp/hard\libc_nano.a(libc_a-mallocr.o)
[...]
Memory Configuration

Name             Origin             Length             Attributes
RAM              0x20000000         0x00010000         xrw
FLASH            0x08000000         0x00040000         xr
*default*        0x00000000         0xffffffff

Linker script and memory map

LOAD D:/APP/arm-gnu-toolchain-14.2.rel1-mingw-w64-i686-arm-none-eabi/bin/../lib/gcc/arm-none-eabi/14.2.1/thumb/v7e-m+fp/hard/crti.o
LOAD D:/APP/arm-gnu-toolchain-14.2.rel1-mingw-w64-i686-arm-none-eabi/bin/../lib/gcc/arm-none-eabi/14.2.1/thumb/v7e-m+fp/hard/crtbegin.o
LOAD D:/APP/arm-gnu-toolchain-14.2.rel1-mingw-w64-i686-arm-none-eabi/bin/../lib/gcc/arm-none-eabi/14.2.1/thumb/v7e-m+fp/hard/crt0.o
START GROUP
LOAD D:/APP/arm-gnu-toolchain-14.2.rel1-mingw-w64-i686-arm-none-eabi/bin/../lib/gcc/arm-none-eabi/14.2.1/thumb/v7e-m+fp/hard\libc_nano.a
LOAD D:/APP/arm-gnu-toolchain-14.2.rel1-mingw-w64-i686-arm-none-eabi/bin/../lib/gcc/arm-none-eabi/14.2.1/thumb/v7e-m+fp/hard\libm.a
END GROUP
LOAD CMakeFiles/register_mode.dir/code/App/Src/appdma.c.obj
LOAD CMakeFiles/register_mode.dir/code/App/Src/appled.c.obj
LOAD CMakeFiles/register_mode.dir/code/App/Src/appusart.c.obj
LOAD CMakeFiles/register_mode.dir/code/App/Src/scheduler.c.obj
LOAD CMakeFiles/register_mode.dir/code/User/Src/main.c.obj
LOAD CMakeFiles/register_mode.dir/code/User/Src/system_clock.c.obj
LOAD CMakeFiles/register_mode.dir/startup_stm32f401xc.s.obj
START GROUP
LOAD D:/APP/arm-gnu-toolchain-14.2.rel1-mingw-w64-i686-arm-none-eabi/bin/../lib/gcc/arm-none-eabi/14.2.1/thumb/v7e-m+fp/hard\libgcc.a
LOAD D:/APP/arm-gnu-toolchain-14.2.rel1-mingw-w64-i686-arm-none-eabi/bin/../lib/gcc/arm-none-eabi/14.2.1/thumb/v7e-m+fp/hard\libg_nano.a
LOAD D:/APP/arm-gnu-toolchain-14.2.rel1-mingw-w64-i686-arm-none-eabi/bin/../lib/gcc/arm-none-eabi/14.2.1/thumb/v7e-m+fp/hard\libc_nano.a
END GROUP
START GROUP
LOAD D:/APP/arm-gnu-toolchain-14.2.rel1-mingw-w64-i686-arm-none-eabi/bin/../lib/gcc/arm-none-eabi/14.2.1/thumb/v7e-m+fp/hard\libgcc.a
LOAD D:/APP/arm-gnu-toolchain-14.2.rel1-mingw-w64-i686-arm-none-eabi/bin/../lib/gcc/arm-none-eabi/14.2.1/thumb/v7e-m+fp/hard\libc_nano.a
END GROUP
LOAD D:/APP/arm-gnu-toolchain-14.2.rel1-mingw-w64-i686-arm-none-eabi/bin/../lib/gcc/arm-none-eabi/14.2.1/thumb/v7e-m+fp/hard/crtend.o
LOAD D:/APP/arm-gnu-toolchain-14.2.rel1-mingw-w64-i686-arm-none-eabi/bin/../lib/gcc/arm-none-eabi/14.2.1/thumb/v7e-m+fp/hard/crtn.o
                0x20010000                        _estack = (ORIGIN (RAM) + LENGTH (RAM))
                0x00000200                        _Min_Heap_Size = 0x200
                0x00000400                        _Min_Stack_Size = 0x400

.isr_vector     0x08000000      0x194
                0x08000000                        . = ALIGN (0x4)
 *(.isr_vector)
 .isr_vector    0x08000000      0x194 CMakeFiles/register_mode.dir/startup_stm32f401xc.s.obj
                0x08000000                g_pfnVectors
                0x08000194                        . = ALIGN (0x4)

.text           0x08000194      0x770
                0x08000194                        . = ALIGN (0x4)
 *(.text)
 *(.text*)
 .text.deregister_tm_clones
                0x08000194       0x1c D:/APP/arm-gnu-toolchain-14.2.rel1-mingw-w64-i686-arm-none-eabi/bin/../lib/gcc/arm-none-eabi/14.2.1/thumb/v7e-m+fp/hard/crtbegin.o
 .text.register_tm_clones
                0x080001b0       0x24 D:/APP/arm-gnu-toolchain-14.2.rel1-mingw-w64-i686-arm-none-eabi/bin/../lib/gcc/arm-none-eabi/14.2.1/thumb/v7e-m+fp/hard/crtbegin.o
 .text.__do_global_dtors_aux
                0x080001d4       0x28 D:/APP/arm-gnu-toolchain-14.2.rel1-mingw-w64-i686-arm-none-eabi/bin/../lib/gcc/arm-none-eabi/14.2.1/thumb/v7e-m+fp/hard/crtbegin.o
 .text.frame_dummy
                0x080001fc       0x24 D:/APP/arm-gnu-toolchain-14.2.rel1-mingw-w64-i686-arm-none-eabi/bin/../lib/gcc/arm-none-eabi/14.2.1/thumb/v7e-m+fp/hard/crtbegin.o
 .text.__libc_init_array
                0x08000220       0x48 D:/APP/arm-gnu-toolchain-14.2.rel1-mingw-w64-i686-arm-none-eabi/bin/../lib/gcc/arm-none-eabi/14.2.1/thumb/v7e-m+fp/hard\libc_nano.a(libc_a-init.o)
                0x08000220                __libc_init_array
 .text.dma2_usart1_rx_init
                0x08000268       0x7c CMakeFiles/register_mode.dir/code/App/Src/appdma.c.obj
                0x08000268                dma2_usart1_rx_init
 .text.GPIOA_Init
                0x080002e4       0x78 CMakeFiles/register_mode.dir/code/App/Src/appled.c.obj
                0x080002e4                GPIOA_Init
 .text.LED_OFF  0x0800035c       0x30 CMakeFiles/register_mode.dir/code/App/Src/appled.c.obj
                0x0800035c                LED_OFF
 .text.LED_ON   0x0800038c       0x30 CMakeFiles/register_mode.dir/code/App/Src/appled.c.obj
                0x0800038c                LED_ON
 .text.led_display
                0x080003bc       0x76 CMakeFiles/register_mode.dir/code/App/Src/appled.c.obj
                0x080003bc                led_display
 *fill*         0x08000432        0x2 
 .text.led_task
                0x08000434       0x18 CMakeFiles/register_mode.dir/code/App/Src/appled.c.obj
                0x08000434                led_task
 .text.usart1_init
                0x0800044c       0xb0 CMakeFiles/register_mode.dir/code/App/Src/appusart.c.obj
                0x0800044c                usart1_init
 .text.usart1_send_char
                0x080004fc       0x30 CMakeFiles/register_mode.dir/code/App/Src/appusart.c.obj
                0x080004fc                usart1_send_char
 .text.usart1_send_string
                0x0800052c       0x2a CMakeFiles/register_mode.dir/code/App/Src/appusart.c.obj
                0x0800052c                usart1_send_string
 *fill*         0x08000556        0x2 
 .text.USART1_IRQHandler
                0x08000558       0x7c CMakeFiles/register_mode.dir/code/App/Src/appusart.c.obj
                0x08000558                USART1_IRQHandler
 .text.usart_task
                0x080005d4       0x80 CMakeFiles/register_mode.dir/code/App/Src/appusart.c.obj
                0x080005d4                usart_task
 .text.tasknum_init
                0x08000654       0x18 CMakeFiles/register_mode.dir/code/App/Src/scheduler.c.obj
                0x08000654                tasknum_init
 .text.task1    0x0800066c       0x20 CMakeFiles/register_mode.dir/code/App/Src/scheduler.c.obj
                0x0800066c                task1
 .text.task_run
                0x0800068c       0x8c CMakeFiles/register_mode.dir/code/App/Src/scheduler.c.obj
                0x0800068c                task_run
 .text.main     0x08000718       0x1e CMakeFiles/register_mode.dir/code/User/Src/main.c.obj
                0x08000718                main
 *fill*         0x08000736        0x2 
 .text.SystemInit
                0x08000738       0xbc CMakeFiles/register_mode.dir/code/User/Src/system_clock.c.obj
                0x08000738                SystemInit
 .text.Systick_Config
                0x080007f4       0x40 CMakeFiles/register_mode.dir/code/User/Src/system_clock.c.obj
                0x080007f4                Systick_Config
 .text.SysTick_Handler
                0x08000834       0x48 CMakeFiles/register_mode.dir/code/User/Src/system_clock.c.obj
                0x08000834                SysTick_Handler
 .text.Reset_Handler
                0x0800087c       0x50 CMakeFiles/register_mode.dir/startup_stm32f401xc.s.obj
                0x0800087c                Reset_Handler
 .text.Default_Handler
                0x080008cc        0x2 CMakeFiles/register_mode.dir/startup_stm32f401xc.s.obj
                0x080008cc                RTC_Alarm_IRQHandler
                0x080008cc                EXTI2_IRQHandler
                0x080008cc                DebugMon_Handler
                0x080008cc                SPI4_IRQHandler
                0x080008cc                TIM1_CC_IRQHandler
                0x080008cc                DMA2_Stream5_IRQHandler
                0x080008cc                HardFault_Handler
                0x080008cc                DMA1_Stream5_IRQHandler
                0x080008cc                PVD_IRQHandler
                0x080008cc                SDIO_IRQHandler
                0x080008cc                TAMP_STAMP_IRQHandler
                0x080008cc                PendSV_Handler
                0x080008cc                NMI_Handler
                0x080008cc                EXTI3_IRQHandler
                0x080008cc                TIM1_UP_TIM10_IRQHandler
                0x080008cc                I2C3_ER_IRQHandler
                0x080008cc                EXTI0_IRQHandler
                0x080008cc                I2C2_EV_IRQHandler
                0x080008cc                DMA1_Stream2_IRQHandler
                0x080008cc                FPU_IRQHandler
                0x080008cc                UsageFault_Handler
                0x080008cc                DMA2_Stream2_IRQHandler
                0x080008cc                SPI1_IRQHandler
                0x080008cc                TIM1_BRK_TIM9_IRQHandler
                0x080008cc                DMA2_Stream3_IRQHandler
                0x080008cc                USART6_IRQHandler
                0x080008cc                DMA2_Stream0_IRQHandler
                0x080008cc                TIM4_IRQHandler
                0x080008cc                I2C1_EV_IRQHandler
                0x080008cc                DMA1_Stream6_IRQHandler
                0x080008cc                DMA1_Stream1_IRQHandler
                0x080008cc                TIM3_IRQHandler
                0x080008cc                RCC_IRQHandler
                0x080008cc                Default_Handler
                0x080008cc                EXTI15_10_IRQHandler
                0x080008cc                ADC_IRQHandler
                0x080008cc                DMA1_Stream7_IRQHandler
                0x080008cc                TIM5_IRQHandler
                0x080008cc                DMA2_Stream7_IRQHandler
                0x080008cc                I2C3_EV_IRQHandler
                0x080008cc                EXTI9_5_IRQHandler
                0x080008cc                RTC_WKUP_IRQHandler
                0x080008cc                SPI2_IRQHandler
                0x080008cc                MemManage_Handler
                0x080008cc                DMA1_Stream0_IRQHandler
                0x080008cc                SVC_Handler
                0x080008cc                EXTI4_IRQHandler
                0x080008cc                WWDG_IRQHandler
                0x080008cc                TIM2_IRQHandler
                0x080008cc                OTG_FS_WKUP_IRQHandler
                0x080008cc                TIM1_TRG_COM_TIM11_IRQHandler
                0x080008cc                EXTI1_IRQHandler
                0x080008cc                USART2_IRQHandler
                0x080008cc                I2C2_ER_IRQHandler
                0x080008cc                DMA2_Stream1_IRQHandler
                0x080008cc                FLASH_IRQHandler
                0x080008cc                DMA2_Stream4_IRQHandler
                0x080008cc                BusFault_Handler
                0x080008cc                OTG_FS_IRQHandler
                0x080008cc                SPI3_IRQHandler
                0x080008cc                DMA1_Stream4_IRQHandler
                0x080008cc                I2C1_ER_IRQHandler
                0x080008cc                DMA2_Stream6_IRQHandler
                0x080008cc                DMA1_Stream3_IRQHandler
 .text.memcpy   0x080008ce       0x1c D:/APP/arm-gnu-toolchain-14.2.rel1-mingw-w64-i686-arm-none-eabi/bin/../lib/gcc/arm-none-eabi/14.2.1/thumb/v7e-m+fp/hard\libg_nano.a(libc_a-memcpy-stub.o)
                0x080008ce                memcpy
 *(.glue_7)
 .glue_7        0x080008ea        0x0 linker stubs
 *(.glue_7t)
 .glue_7t       0x080008ea        0x0 linker stubs
 *(.eh_frame)
 *fill*         0x080008ea        0x2 
 .eh_frame      0x080008ec        0x0 D:/APP/arm-gnu-toolchain-14.2.rel1-mingw-w64-i686-arm-none-eabi/bin/../lib/gcc/arm-none-eabi/14.2.1/thumb/v7e-m+fp/hard/crtbegin.o
 *(.init)
 .init          0x080008ec        0x4 D:/APP/arm-gnu-toolchain-14.2.rel1-mingw-w64-i686-arm-none-eabi/bin/../lib/gcc/arm-none-eabi/14.2.1/thumb/v7e-m+fp/hard/crti.o
                0x080008ec                _init
 .init          0x080008f0        0x8 D:/APP/arm-gnu-toolchain-14.2.rel1-mingw-w64-i686-arm-none-eabi/bin/../lib/gcc/arm-none-eabi/14.2.1/thumb/v7e-m+fp/hard/crtn.o
 *(.fini)
 .fini          0x080008f8        0x4 D:/APP/arm-gnu-toolchain-14.2.rel1-mingw-w64-i686-arm-none-eabi/bin/../lib/gcc/arm-none-eabi/14.2.1/thumb/v7e-m+fp/hard/crti.o
                0x080008f8                _fini
 .fini          0x080008fc        0x8 D:/APP/arm-gnu-toolchain-14.2.rel1-mingw-w64-i686-arm-none-eabi/bin/../lib/gcc/arm-none-eabi/14.2.1/thumb/v7e-m+fp/hard/crtn.o
                0x08000904                        . = ALIGN (0x4)
                0x08000904                        _etext = .

.vfp11_veneer   0x08000904        0x0
 .vfp11_veneer  0x08000904        0x0 linker stubs

.v4_bx          0x08000904        0x0
 .v4_bx         0x08000904        0x0 linker stubs

.iplt           0x08000904        0x0
 .iplt          0x08000904        0x0 D:/APP/arm-gnu-toolchain-14.2.rel1-mingw-w64-i686-arm-none-eabi/bin/../lib/gcc/arm-none-eabi/14.2.1/thumb/v7e-m+fp/hard/crtbegin.o

.rodata         0x08000904       0x14
                0x08000904                        . = ALIGN (0x4)
 *(.rodata)
 .rodata        0x08000904       0x12 CMakeFiles/register_mode.dir/code/App/Src/appusart.c.obj
 *(.rodata*)
                0x08000918                        . = ALIGN (0x4)
 *fill*         0x08000916        0x2 

.rel.dyn        0x08000918        0x0
 .rel.iplt      0x08000918        0x0 D:/APP/arm-gnu-toolchain-14.2.rel1-mingw-w64-i686-arm-none-eabi/bin/../lib/gcc/arm-none-eabi/14.2.1/thumb/v7e-m+fp/hard/crtbegin.o

.ARM.extab
 *(.ARM.extab* .gnu.linkonce.armextab.*)

.ARM            0x08000918        0x0
                0x08000918                        __exidx_start = .
 *(.ARM.exidx*)
                0x08000918                        __exidx_end = .

.preinit_array  0x08000918        0x0
                0x08000918                        PROVIDE (__preinit_array_start = .)
 *(.preinit_array*)
                0x08000918                        PROVIDE (__preinit_array_end = .)

.init_array     0x08000918        0x4
                0x08000918                        PROVIDE (__init_array_start = .)
 *(SORT_BY_NAME(.init_array.*))
 *(.init_array*)
 .init_array    0x08000918        0x4 D:/APP/arm-gnu-toolchain-14.2.rel1-mingw-w64-i686-arm-none-eabi/bin/../lib/gcc/arm-none-eabi/14.2.1/thumb/v7e-m+fp/hard/crtbegin.o
                0x0800091c                        PROVIDE (__init_array_end = .)

.fini_array     0x0800091c        0x4
                [!provide]                        PROVIDE (__fini_array_start = .)
 *(SORT_BY_NAME(.fini_array.*))
 *(.fini_array*)
 .fini_array    0x0800091c        0x4 D:/APP/arm-gnu-toolchain-14.2.rel1-mingw-w64-i686-arm-none-eabi/bin/../lib/gcc/arm-none-eabi/14.2.1/thumb/v7e-m+fp/hard/crtbegin.o
                [!provide]                        PROVIDE (__fini_array_end = .)
                0x08000920                        _sidata = LOADADDR (.data)

.data           0x20000000       0x24 load address 0x08000920
                0x20000000                        . = ALIGN (0x4)
                0x20000000                        _sdata = .
 *(.data)
 *(.data*)
 .data.tasks    0x20000000       0x24 CMakeFiles/register_mode.dir/code/App/Src/scheduler.c.obj
                0x20000000                tasks
                0x20000024                        . = ALIGN (0x4)
                0x20000024                        _edata = .

.tm_clone_table
                0x20000024        0x0 load address 0x08000944
 .tm_clone_table
                0x20000024        0x0 D:/APP/arm-gnu-toolchain-14.2.rel1-mingw-w64-i686-arm-none-eabi/bin/../lib/gcc/arm-none-eabi/14.2.1/thumb/v7e-m+fp/hard/crtbegin.o
 .tm_clone_table
                0x20000024        0x0 D:/APP/arm-gnu-toolchain-14.2.rel1-mingw-w64-i686-arm-none-eabi/bin/../lib/gcc/arm-none-eabi/14.2.1/thumb/v7e-m+fp/hard/crtend.o

.igot.plt       0x20000024        0x0 load address 0x08000944
 .igot.plt      0x20000024        0x0 D:/APP/arm-gnu-toolchain-14.2.rel1-mingw-w64-i686-arm-none-eabi/bin/../lib/gcc/arm-none-eabi/14.2.1/thumb/v7e-m+fp/hard/crtbegin.o
                0x20000024                        . = ALIGN (0x4)

.bss            0x20000024       0xb0 load address 0x08000944
                0x20000024                        _sbss = .
                0x20000024                        __bss_start__ = _sbss
 *(.bss)
 *(.bss*)
 .bss.completed.1
                0x20000024        0x1 D:/APP/arm-gnu-toolchain-14.2.rel1-mingw-w64-i686-arm-none-eabi/bin/../lib/gcc/arm-none-eabi/14.2.1/thumb/v7e-m+fp/hard/crtbegin.o
 *fill*         0x20000025        0x3 
 .bss.object.0  0x20000028       0x18 D:/APP/arm-gnu-toolchain-14.2.rel1-mingw-w64-i686-arm-none-eabi/bin/../lib/gcc/arm-none-eabi/14.2.1/thumb/v7e-m+fp/hard/crtbegin.o
 .bss.led_case  0x20000040        0x1 CMakeFiles/register_mode.dir/code/App/Src/appled.c.obj
                0x20000040                led_case
 *fill*         0x20000041        0x3 
 .bss.rx_buffer
                0x20000044       0x40 CMakeFiles/register_mode.dir/code/App/Src/appusart.c.obj
                0x20000044                rx_buffer
 .bss.dma_rx_buffer
                0x20000084       0x40 CMakeFiles/register_mode.dir/code/App/Src/appusart.c.obj
                0x20000084                dma_rx_buffer
 .bss.rx_len    0x200000c4        0x4 CMakeFiles/register_mode.dir/code/App/Src/appusart.c.obj
                0x200000c4                rx_len
 .bss.rx_flag   0x200000c8        0x1 CMakeFiles/register_mode.dir/code/App/Src/appusart.c.obj
                0x200000c8                rx_flag
 .bss.send_tick.0
                0x200000c9        0x1 CMakeFiles/register_mode.dir/code/App/Src/appusart.c.obj
 .bss.task_num  0x200000ca        0x1 CMakeFiles/register_mode.dir/code/App/Src/scheduler.c.obj
                0x200000ca                task_num
 .bss.ticktest  0x200000cb        0x1 CMakeFiles/register_mode.dir/code/App/Src/scheduler.c.obj
                0x200000cb                ticktest
 .bss.uwTick    0x200000cc        0x4 CMakeFiles/register_mode.dir/code/User/Src/system_clock.c.obj
                0x200000cc                uwTick
 .bss.counter_1s
                0x200000d0        0x4 CMakeFiles/register_mode.dir/code/User/Src/system_clock.c.obj
                0x200000d0                counter_1s
 *(COMMON)
                0x200000d4                        . = ALIGN (0x4)
                0x200000d4                        _ebss = .
                0x200000d4                        __bss_end__ = _ebss

._user_heap_stack
                0x200000d4      0x604 load address 0x08000944
                0x200000d8                        . = ALIGN (0x8)
 *fill*         0x200000d4        0x4 
                [!provide]                        PROVIDE (end = .)
                [!provide]                        PROVIDE (_end = .)
                0x200002d8                        . = (. + _Min_Heap_Size)
 *fill*         0x200000d8      0x200 
                0x200006d8                        . = (. + _Min_Stack_Size)
 *fill*         0x200002d8      0x400 
                0x200006d8                        . = ALIGN (0x8)

/DISCARD/
 libc.a(*)
 libm.a(*)
 libgcc.a(*)

.ARM.attributes
                0x00000000       0x30
 *(.ARM.attributes)
 .ARM.attributes
                0x00000000       0x22 D:/APP/arm-gnu-toolchain-14.2.rel1-mingw-w64-i686-arm-none-eabi/bin/../lib/gcc/arm-none-eabi/14.2.1/thumb/v7e-m+fp/hard/crti.o
 .ARM.attributes
                0x00000022       0x34 D:/APP/arm-gnu-toolchain-14.2.rel1-mingw-w64-i686-arm-none-eabi/bin/../lib/gcc/arm-none-eabi/14.2.1/thumb/v7e-m+fp/hard/crtbegin.o
 .ARM.attributes
                0x00000056       0x34 D:/APP/arm-gnu-toolchain-14.2.rel1-mingw-w64-i686-arm-none-eabi/bin/../lib/gcc/arm-none-eabi/14.2.1/thumb/v7e-m+fp/hard\libc_nano.a(libc_a-init.o)
 .ARM.attributes
                0x0000008a       0x34 CMakeFiles/register_mode.dir/code/App/Src/appdma.c.obj
 .ARM.attributes
                0x000000be       0x34 CMakeFiles/register_mode.dir/code/App/Src/appled.c.obj
 .ARM.attributes
                0x000000f2       0x34 CMakeFiles/register_mode.dir/code/App/Src/appusart.c.obj
 .ARM.attributes
                0x00000126       0x34 CMakeFiles/register_mode.dir/code/App/Src/scheduler.c.obj
 .ARM.attributes
                0x0000015a       0x34 CMakeFiles/register_mode.dir/code/User/Src/main.c.obj
 .ARM.attributes
                0x0000018e       0x34 CMakeFiles/register_mode.dir/code/User/Src/system_clock.c.obj
 .ARM.attributes
                0x000001c2       0x21 CMakeFiles/register_mode.dir/startup_stm32f401xc.s.obj
 .ARM.attributes
                0x000001e3       0x34 D:/APP/arm-gnu-toolchain-14.2.rel1-mingw-w64-i686-arm-none-eabi/bin/../lib/gcc/arm-none-eabi/14.2.1/thumb/v7e-m+fp/hard\libg_nano.a(libc_a-memcpy-stub.o)
 .ARM.attributes
                0x00000217       0x34 D:/APP/arm-gnu-toolchain-14.2.rel1-mingw-w64-i686-arm-none-eabi/bin/../lib/gcc/arm-none-eabi/14.2.1/thumb/v7e-m+fp/hard/crtend.o
 .ARM.attributes
                0x0000024b       0x22 D:/APP/arm-gnu-toolchain-14.2.rel1-mingw-w64-i686-arm-none-eabi/bin/../lib/gcc/arm-none-eabi/14.2.1/thumb/v7e-m+fp/hard/crtn.o
OUTPUT(output\register_mode.elf elf32-littlearm)
LOAD linker stubs
LOAD D:/APP/arm-gnu-toolchain-14.2.rel1-mingw-w64-i686-arm-none-eabi/bin/../lib/gcc/arm-none-eabi/14.2.1/thumb/v7e-m+fp/hard\libc.a
LOAD D:/APP/arm-gnu-toolchain-14.2.rel1-mingw-w64-i686-arm-none-eabi/bin/../lib/gcc/arm-none-eabi/14.2.1/thumb/v7e-m+fp/hard\libm.a
LOAD D:/APP/arm-gnu-toolchain-14.2.rel1-mingw-w64-i686-arm-none-eabi/bin/../lib/gcc/arm-none-eabi/14.2.1/thumb/v7e-m+fp/hard\libgcc.a

.debug_frame    0x00000000      0x318
 .debug_frame   0x00000000       0x2c D:/APP/arm-gnu-toolchain-14.2.rel1-mingw-w64-i686-arm-none-eabi/bin/../lib/gcc/arm-none-eabi/14.2.1/thumb/v7e-m+fp/hard\libc_nano.a(libc_a-init.o)
 .debug_frame   0x0000002c       0x30 CMakeFiles/register_mode.dir/code/App/Src/appdma.c.obj
 .debug_frame   0x0000005c       0xc0 CMakeFiles/register_mode.dir/code/App/Src/appled.c.obj
 .debug_frame   0x0000011c       0xc4 CMakeFiles/register_mode.dir/code/App/Src/appusart.c.obj
 .debug_frame   0x000001e0       0x74 CMakeFiles/register_mode.dir/code/App/Src/scheduler.c.obj
 .debug_frame   0x00000254       0x2c CMakeFiles/register_mode.dir/code/User/Src/main.c.obj
 .debug_frame   0x00000280       0x70 CMakeFiles/register_mode.dir/code/User/Src/system_clock.c.obj
 .debug_frame   0x000002f0       0x28 D:/APP/arm-gnu-toolchain-14.2.rel1-mingw-w64-i686-arm-none-eabi/bin/../lib/gcc/arm-none-eabi/14.2.1/thumb/v7e-m+fp/hard\libg_nano.a(libc_a-memcpy-stub.o)

.debug_info     0x00000000     0x1249
 .debug_info    0x00000000      0x328 CMakeFiles/register_mode.dir/code/App/Src/appdma.c.obj
 .debug_info    0x00000328      0x36a CMakeFiles/register_mode.dir/code/App/Src/appled.c.obj
 .debug_info    0x00000692      0x5da CMakeFiles/register_mode.dir/code/App/Src/appusart.c.obj
 .debug_info    0x00000c6c      0x1d0 CMakeFiles/register_mode.dir/code/App/Src/scheduler.c.obj
 .debug_info    0x00000e3c       0xbf CMakeFiles/register_mode.dir/code/User/Src/main.c.obj
 .debug_info    0x00000efb      0x31e CMakeFiles/register_mode.dir/code/User/Src/system_clock.c.obj
 .debug_info    0x00001219       0x30 CMakeFiles/register_mode.dir/startup_stm32f401xc.s.obj

.debug_abbrev   0x00000000      0x626
 .debug_abbrev  0x00000000       0xb7 CMakeFiles/register_mode.dir/code/App/Src/appdma.c.obj
 .debug_abbrev  0x000000b7      0x12b CMakeFiles/register_mode.dir/code/App/Src/appled.c.obj
 .debug_abbrev  0x000001e2      0x1ce CMakeFiles/register_mode.dir/code/App/Src/appusart.c.obj
 .debug_abbrev  0x000003b0      0x11c CMakeFiles/register_mode.dir/code/App/Src/scheduler.c.obj
 .debug_abbrev  0x000004cc       0x5b CMakeFiles/register_mode.dir/code/User/Src/main.c.obj
 .debug_abbrev  0x00000527       0xdb CMakeFiles/register_mode.dir/code/User/Src/system_clock.c.obj
 .debug_abbrev  0x00000602       0x24 CMakeFiles/register_mode.dir/startup_stm32f401xc.s.obj

.debug_aranges  0x00000000      0x148
 .debug_aranges
                0x00000000       0x20 CMakeFiles/register_mode.dir/code/App/Src/appdma.c.obj
 .debug_aranges
                0x00000020       0x40 CMakeFiles/register_mode.dir/code/App/Src/appled.c.obj
 .debug_aranges
                0x00000060       0x40 CMakeFiles/register_mode.dir/code/App/Src/appusart.c.obj
 .debug_aranges
                0x000000a0       0x30 CMakeFiles/register_mode.dir/code/App/Src/scheduler.c.obj
 .debug_aranges
                0x000000d0       0x20 CMakeFiles/register_mode.dir/code/User/Src/main.c.obj
 .debug_aranges
                0x000000f0       0x30 CMakeFiles/register_mode.dir/code/User/Src/system_clock.c.obj
 .debug_aranges
                0x00000120       0x28 CMakeFiles/register_mode.dir/startup_stm32f401xc.s.obj

.debug_rnglists
                0x00000000       0xd7
 .debug_rnglists
                0x00000000       0x13 CMakeFiles/register_mode.dir/code/App/Src/appdma.c.obj
 .debug_rnglists
                0x00000013       0x2b CMakeFiles/register_mode.dir/code/App/Src/appled.c.obj
 .debug_rnglists
                0x0000003e       0x2d CMakeFiles/register_mode.dir/code/App/Src/appusart.c.obj
 .debug_rnglists
                0x0000006b       0x20 CMakeFiles/register_mode.dir/code/App/Src/scheduler.c.obj
 .debug_rnglists
                0x0000008b       0x13 CMakeFiles/register_mode.dir/code/User/Src/main.c.obj
 .debug_rnglists
                0x0000009e       0x20 CMakeFiles/register_mode.dir/code/User/Src/system_clock.c.obj
 .debug_rnglists
                0x000000be       0x19 CMakeFiles/register_mode.dir/startup_stm32f401xc.s.obj

.debug_macro    0x00000000     0x2697
 .debug_macro   0x00000000      0x1b2 CMakeFiles/register_mode.dir/code/App/Src/appdma.c.obj
 .debug_macro   0x000001b2      0xad2 CMakeFiles/register_mode.dir/code/App/Src/appdma.c.obj
 .debug_macro   0x00000c84       0x22 CMakeFiles/register_mode.dir/code/App/Src/appdma.c.obj
 .debug_macro   0x00000ca6       0x75 CMakeFiles/register_mode.dir/code/App/Src/appdma.c.obj
 .debug_macro   0x00000d1b       0x2a CMakeFiles/register_mode.dir/code/App/Src/appdma.c.obj
 .debug_macro   0x00000d45       0x94 CMakeFiles/register_mode.dir/code/App/Src/appdma.c.obj
 .debug_macro   0x00000dd9       0x3c CMakeFiles/register_mode.dir/code/App/Src/appdma.c.obj
 .debug_macro   0x00000e15       0x34 CMakeFiles/register_mode.dir/code/App/Src/appdma.c.obj
 .debug_macro   0x00000e49       0x16 CMakeFiles/register_mode.dir/code/App/Src/appdma.c.obj
 .debug_macro   0x00000e5f       0x57 CMakeFiles/register_mode.dir/code/App/Src/appdma.c.obj
 .debug_macro   0x00000eb6       0x9e CMakeFiles/register_mode.dir/code/App/Src/appdma.c.obj
 .debug_macro   0x00000f54      0x364 CMakeFiles/register_mode.dir/code/App/Src/appdma.c.obj
 .debug_macro   0x000012b8      0x112 CMakeFiles/register_mode.dir/code/App/Src/appdma.c.obj
 .debug_macro   0x000013ca       0x10 CMakeFiles/register_mode.dir/code/App/Src/appdma.c.obj
 .debug_macro   0x000013da       0x16 CMakeFiles/register_mode.dir/code/App/Src/appdma.c.obj
 .debug_macro   0x000013f0       0x4a CMakeFiles/register_mode.dir/code/App/Src/appdma.c.obj
 .debug_macro   0x0000143a       0x34 CMakeFiles/register_mode.dir/code/App/Src/appdma.c.obj
 .debug_macro   0x0000146e       0x10 CMakeFiles/register_mode.dir/code/App/Src/appdma.c.obj
 .debug_macro   0x0000147e       0x58 CMakeFiles/register_mode.dir/code/App/Src/appdma.c.obj
 .debug_macro   0x000014d6      0x1e5 CMakeFiles/register_mode.dir/code/App/Src/appdma.c.obj
 .debug_macro   0x000016bb       0x16 CMakeFiles/register_mode.dir/code/App/Src/appdma.c.obj
 .debug_macro   0x000016d1       0x16 CMakeFiles/register_mode.dir/code/App/Src/appdma.c.obj
 .debug_macro   0x000016e7      0x170 CMakeFiles/register_mode.dir/code/App/Src/appdma.c.obj
 .debug_macro   0x00001857      0x103 CMakeFiles/register_mode.dir/code/App/Src/appdma.c.obj
 .debug_macro   0x0000195a       0x6a CMakeFiles/register_mode.dir/code/App/Src/appdma.c.obj
 .debug_macro   0x000019c4      0x1df CMakeFiles/register_mode.dir/code/App/Src/appdma.c.obj
 .debug_macro   0x00001ba3       0x16 CMakeFiles/register_mode.dir/code/App/Src/appdma.c.obj
 .debug_macro   0x00001bb9       0x3c CMakeFiles/register_mode.dir/code/App/Src/appdma.c.obj
 .debug_macro   0x00001bf5       0x4c CMakeFiles/register_mode.dir/code/App/Src/appdma.c.obj
 .debug_macro   0x00001c41       0x22 CMakeFiles/register_mode.dir/code/App/Src/appdma.c.obj
 .debug_macro   0x00001c63       0x10 CMakeFiles/register_mode.dir/code/App/Src/appdma.c.obj
 .debug_macro   0x00001c73       0x4a CMakeFiles/register_mode.dir/code/App/Src/appdma.c.obj
 .debug_macro   0x00001cbd      0x1b8 CMakeFiles/register_mode.dir/code/App/Src/appled.c.obj
 .debug_macro   0x00001e75       0x8e CMakeFiles/register_mode.dir/code/App/Src/appled.c.obj
 .debug_macro   0x00001f03       0x51 CMakeFiles/register_mode.dir/code/App/Src/appled.c.obj
 .debug_macro   0x00001f54       0x7b CMakeFiles/register_mode.dir/code/App/Src/appled.c.obj
 .debug_macro   0x00001fcf      0x1b2 CMakeFiles/register_mode.dir/code/App/Src/appusart.c.obj
 .debug_macro   0x00002181      0x1b2 CMakeFiles/register_mode.dir/code/App/Src/scheduler.c.obj
 .debug_macro   0x00002333      0x1b2 CMakeFiles/register_mode.dir/code/User/Src/main.c.obj
 .debug_macro   0x000024e5      0x1b2 CMakeFiles/register_mode.dir/code/User/Src/system_clock.c.obj

.debug_line     0x00000000     0x1d54
 .debug_line    0x00000000      0x481 CMakeFiles/register_mode.dir/code/App/Src/appdma.c.obj
 .debug_line    0x00000481      0x4f4 CMakeFiles/register_mode.dir/code/App/Src/appled.c.obj
 .debug_line    0x00000975      0x574 CMakeFiles/register_mode.dir/code/App/Src/appusart.c.obj
 .debug_line    0x00000ee9      0x49a CMakeFiles/register_mode.dir/code/App/Src/scheduler.c.obj
 .debug_line    0x00001383      0x43e CMakeFiles/register_mode.dir/code/User/Src/main.c.obj
 .debug_line    0x000017c1      0x519 CMakeFiles/register_mode.dir/code/User/Src/system_clock.c.obj
 .debug_line    0x00001cda       0x7a CMakeFiles/register_mode.dir/startup_stm32f401xc.s.obj

.debug_str      0x00000000     0x79f1
 .debug_str     0x00000000     0x79f1 CMakeFiles/register_mode.dir/code/App/Src/appdma.c.obj
                               0x77d5 (size before relaxing)
 .debug_str     0x000079f1     0x77f2 CMakeFiles/register_mode.dir/code/App/Src/appled.c.obj
 .debug_str     0x000079f1     0x78ba CMakeFiles/register_mode.dir/code/App/Src/appusart.c.obj
 .debug_str     0x000079f1     0x771a CMakeFiles/register_mode.dir/code/App/Src/scheduler.c.obj
 .debug_str     0x000079f1     0x76a6 CMakeFiles/register_mode.dir/code/User/Src/main.c.obj
 .debug_str     0x000079f1     0x77f0 CMakeFiles/register_mode.dir/code/User/Src/system_clock.c.obj
 .debug_str     0x000079f1       0xbc CMakeFiles/register_mode.dir/startup_stm32f401xc.s.obj

.comment        0x00000000       0x45
 .comment       0x00000000       0x45 CMakeFiles/register_mode.dir/code/App/Src/appdma.c.obj
                                 0x46 (size before relaxing)
 .comment       0x00000045       0x46 CMakeFiles/register_mode.dir/code/App/Src/appled.c.obj
 .comment       0x00000045       0x46 CMakeFiles/register_mode.dir/code/App/Src/appusart.c.obj
 .comment       0x00000045       0x46 CMakeFiles/register_mode.dir/code/App/Src/scheduler.c.obj
 .comment       0x00000045       0x46 CMakeFiles/register_mode.dir/code/User/Src/main.c.obj
 .comment       0x00000045       0x46 CMakeFiles/register_mode.dir/code/User/Src/system_clock.c.obj

.debug_line_str
                0x00000000       0xa0
 .debug_line_str
                0x00000000       0xa0 CMakeFiles/register_mode.dir/startup_stm32f401xc.s.obj
